[shivaaythemes.in/foodecart-demo/Multiple_Pages/Homepage_2/index.html]
[backblue.gif]
[fade.gif]
[index.html]
[shivaaythemes.in/foodecart-demo/Multiple_Pages/Homepage_2/assets/images/favicon.png]
[shivaaythemes.in/foodecart-demo/Multiple_Pages/Homepage_2/assets/css/bootstrap.min.css]
[shivaaythemes.in/foodecart-demo/Multiple_Pages/Homepage_2/assets/css/bootstrap-datetimepicker.min.css]
[shivaaythemes.in/foodecart-demo/Multiple_Pages/Homepage_2/assets/css/font-awesome.min.css]
[shivaaythemes.in/foodecart-demo/Multiple_Pages/Homepage_2/assets/css/slick.css]
[shivaaythemes.in/foodecart-demo/Multiple_Pages/Homepage_2/assets/css/slick-theme.css]
[shivaaythemes.in/foodecart-demo/Multiple_Pages/Homepage_2/assets/css/swiper.css]
[shivaaythemes.in/foodecart-demo/Multiple_Pages/Homepage_2/assets/css/animate.css]
[shivaaythemes.in/foodecart-demo/Multiple_Pages/Homepage_2/assets/css/style.css]
[shivaaythemes.in/foodecart-demo/Multiple_Pages/Homepage_2/assets/images/icon-call.png]
[shivaaythemes.in/foodecart-demo/Multiple_Pages/Homepage_2/assets/images/logo.png]
[shivaaythemes.in/foodecart-demo/Multiple_Pages/Homepage_2/assets/images/icon-cart.png]
[shivaaythemes.in/foodecart-demo/Multiple_Pages/Homepage_2/assets/images/icon-login.png]
[shivaaythemes.in/foodecart-demo/Multiple_Pages/Homepage_2/about-us.html]
[shivaaythemes.in/foodecart-demo/Multiple_Pages/Homepage_2/offer.html]
[shivaaythemes.in/foodecart-demo/Multiple_Pages/Homepage_2/menu.html]
[shivaaythemes.in/foodecart-demo/Multiple_Pages/Homepage_2/gallery.html]
[shivaaythemes.in/foodecart-demo/Multiple_Pages/Homepage_2/team.html]
[shivaaythemes.in/foodecart-demo/Multiple_Pages/Homepage_2/blog.html]
[shivaaythemes.in/foodecart-demo/Multiple_Pages/Homepage_2/contact.html]
[shivaaythemes.in/foodecart-demo/Multiple_Pages/Homepage_2/assets/images/banner-img.jpg]
[shivaaythemes.in/foodecart-demo/Multiple_Pages/Homepage_2/assets/images/banner-img2.jpg]
[shivaaythemes.in/foodecart-demo/Multiple_Pages/Homepage_2/assets/images/banner-img3.jpg]
[shivaaythemes.in/foodecart-demo/Multiple_Pages/Homepage_2/assets/images/icon-location.png]
[shivaaythemes.in/foodecart-demo/Multiple_Pages/Homepage_2/assets/images/icon-guest.png]
[shivaaythemes.in/foodecart-demo/Multiple_Pages/Homepage_2/assets/images/icon-calendar.png]
[shivaaythemes.in/foodecart-demo/Multiple_Pages/Homepage_2/assets/images/icon-time.png]
[shivaaythemes.in/foodecart-demo/Multiple_Pages/Homepage_2/assets/images/element1.png]
[shivaaythemes.in/foodecart-demo/Multiple_Pages/Homepage_2/assets/images/about-img.jpg]
[shivaaythemes.in/foodecart-demo/Multiple_Pages/Homepage_2/assets/images/element2.png]
[shivaaythemes.in/foodecart-demo/Multiple_Pages/Homepage_2/assets/images/our-story-img.jpg]
[shivaaythemes.in/foodecart-demo/Multiple_Pages/Homepage_2/assets/images/restaurant-title.png]
[shivaaythemes.in/foodecart-demo/Multiple_Pages/Homepage_2/assets/images/restaurant-slide-img1.jpg]
[shivaaythemes.in/foodecart-demo/Multiple_Pages/Homepage_2/assets/images/restaurant-slide-img2.jpg]
[shivaaythemes.in/foodecart-demo/Multiple_Pages/Homepage_2/assets/images/restaurant-slide-img3.jpg]
[shivaaythemes.in/foodecart-demo/Multiple_Pages/Homepage_2/assets/images/element3.png]
[shivaaythemes.in/foodecart-demo/Multiple_Pages/Homepage_2/assets/images/element4.png]
[shivaaythemes.in/foodecart-demo/Multiple_Pages/Homepage_2/assets/images/store-img1.png]
[shivaaythemes.in/foodecart-demo/Multiple_Pages/Homepage_2/assets/images/store-img2.png]
[shivaaythemes.in/foodecart-demo/Multiple_Pages/Homepage_2/assets/images/store-img3.png]
[shivaaythemes.in/foodecart-demo/Multiple_Pages/Homepage_2/assets/images/element5.png]
[shivaaythemes.in/foodecart-demo/Multiple_Pages/Homepage_2/assets/images/element6.png]
[shivaaythemes.in/foodecart-demo/Multiple_Pages/Homepage_2/assets/images/double-quote.png]
[shivaaythemes.in/foodecart-demo/Multiple_Pages/Homepage_2/assets/images/client-img1.jpg]
[shivaaythemes.in/foodecart-demo/Multiple_Pages/Homepage_2/assets/images/client-img2.jpg]
[shivaaythemes.in/foodecart-demo/Multiple_Pages/Homepage_2/assets/images/client-img3.jpg]
[shivaaythemes.in/foodecart-demo/Multiple_Pages/Homepage_2/assets/images/element7.png]
[shivaaythemes.in/foodecart-demo/Multiple_Pages/Homepage_2/assets/images/element8.png]
[shivaaythemes.in/foodecart-demo/Multiple_Pages/Homepage_2/assets/images/post-img1.jpg]
[shivaaythemes.in/foodecart-demo/Multiple_Pages/Homepage_2/blog-detail.html]
[shivaaythemes.in/foodecart-demo/Multiple_Pages/Homepage_2/assets/images/post-img2.jpg]
[shivaaythemes.in/foodecart-demo/Multiple_Pages/Homepage_2/assets/images/post-img3.jpg]
[shivaaythemes.in/foodecart-demo/Multiple_Pages/Homepage_2/assets/images/gallery-img1.jpg]
[shivaaythemes.in/foodecart-demo/Multiple_Pages/Homepage_2/assets/images/gallery-img2.jpg]
[shivaaythemes.in/foodecart-demo/Multiple_Pages/Homepage_2/assets/images/gallery-img3.jpg]
[shivaaythemes.in/foodecart-demo/Multiple_Pages/Homepage_2/assets/images/gallery-img4.jpg]
[shivaaythemes.in/foodecart-demo/Multiple_Pages/Homepage_2/assets/images/gallery-img5.jpg]
[shivaaythemes.in/foodecart-demo/Multiple_Pages/Homepage_2/assets/images/gallery-img6.jpg]
[shivaaythemes.in/foodecart-demo/Multiple_Pages/Homepage_2/assets/images/gallery-img7.jpg]
[shivaaythemes.in/foodecart-demo/Multiple_Pages/Homepage_2/assets/images/gallery-img8.jpg]
[shivaaythemes.in/foodecart-demo/Multiple_Pages/Homepage_2/assets/images/element9.png]
[shivaaythemes.in/foodecart-demo/Multiple_Pages/Homepage_2/assets/images/element10.png]
[shivaaythemes.in/foodecart-demo/Multiple_Pages/Homepage_2/assets/images/icon-mail.png]
[shivaaythemes.in/foodecart-demo/Multiple_Pages/Homepage_2/assets/js/jquery.min.js]
[shivaaythemes.in/foodecart-demo/Multiple_Pages/Homepage_2/assets/js/bootstrap.min.js]
[shivaaythemes.in/foodecart-demo/Multiple_Pages/Homepage_2/assets/js/TweenMax.min.js]
[shivaaythemes.in/foodecart-demo/Multiple_Pages/Homepage_2/assets/js/moment.min.js]
[shivaaythemes.in/foodecart-demo/Multiple_Pages/Homepage_2/assets/js/bootstrap-datetimepicker.min.js]
[shivaaythemes.in/foodecart-demo/Multiple_Pages/Homepage_2/assets/js/slick.min.js]
[shivaaythemes.in/foodecart-demo/Multiple_Pages/Homepage_2/assets/js/swiper.js]
[shivaaythemes.in/foodecart-demo/Multiple_Pages/Homepage_2/assets/js/wow.min.js]
[shivaaythemes.in/foodecart-demo/Multiple_Pages/Homepage_2/index.html]
[shivaaythemes.in/foodecart-demo/Multiple_Pages/Homepage_2/assets/js/custom.js]
[shivaaythemes.in/foodecart-demo/Multiple_Pages/Homepage_2/assets/css/bootstrap.min.css]
[shivaaythemes.in/foodecart-demo/Multiple_Pages/Homepage_2/assets/css/bootstrap-datetimepicker.min.css]
[shivaaythemes.in/foodecart-demo/Multiple_Pages/Homepage_2/assets/fonts/fontawesome-webfonte0a5.eot]
[shivaaythemes.in/foodecart-demo/Multiple_Pages/Homepage_2/assets/fonts/fontawesome-webfontd41d.eot]
[shivaaythemes.in/foodecart-demo/Multiple_Pages/Homepage_2/assets/fonts/fontawesome-webfonte0a5.woff2]
[shivaaythemes.in/foodecart-demo/Multiple_Pages/Homepage_2/assets/fonts/fontawesome-webfonte0a5.woff]
[shivaaythemes.in/foodecart-demo/Multiple_Pages/Homepage_2/assets/fonts/fontawesome-webfonte0a5.ttf]
[shivaaythemes.in/foodecart-demo/Multiple_Pages/Homepage_2/assets/css/font-awesome.min.css]
[shivaaythemes.in/foodecart-demo/Multiple_Pages/Homepage_2/assets/css/slick.css]
[shivaaythemes.in/foodecart-demo/Multiple_Pages/Homepage_2/assets/fonts/fontawesome-webfonte0a5.svg]
[shivaaythemes.in/foodecart-demo/Multiple_Pages/Homepage_2/assets/images/ajax-loader.gif]
[shivaaythemes.in/foodecart-demo/Multiple_Pages/Homepage_2/assets/css/fonts/slick.eot]
[shivaaythemes.in/foodecart-demo/Multiple_Pages/Homepage_2/assets/css/fonts/slickd41d.eot]
[shivaaythemes.in/foodecart-demo/Multiple_Pages/Homepage_2/assets/css/fonts/slick.woff]
[shivaaythemes.in/foodecart-demo/Multiple_Pages/Homepage_2/assets/css/fonts/slick.ttf]
[shivaaythemes.in/foodecart-demo/Multiple_Pages/Homepage_2/assets/css/fonts/slick.svg]
[shivaaythemes.in/foodecart-demo/Multiple_Pages/Homepage_2/assets/css/slick-theme.css]
[shivaaythemes.in/foodecart-demo/Multiple_Pages/Homepage_2/assets/css/swiper.css]
[shivaaythemes.in/foodecart-demo/Multiple_Pages/Homepage_2/assets/css/animate.css]
[shivaaythemes.in/foodecart-demo/Multiple_Pages/Homepage_2/assets/images/loader-back-shape.png]
[shivaaythemes.in/foodecart-demo/Multiple_Pages/Homepage_2/assets/css/style.css]
[shivaaythemes.in/foodecart-demo/Multiple_Pages/Homepage_2/assets/images/about-banner-img.jpg]
[shivaaythemes.in/foodecart-demo/Multiple_Pages/Homepage_2/assets/images/about-list-icon.png]
[shivaaythemes.in/foodecart-demo/Multiple_Pages/Homepage_2/assets/images/about-quote.png]
[shivaaythemes.in/foodecart-demo/Multiple_Pages/Homepage_2/assets/images/about-signature.png]
[shivaaythemes.in/foodecart-demo/Multiple_Pages/Homepage_2/assets/images/chef-skill-img.png]
[shivaaythemes.in/foodecart-demo/Multiple_Pages/Homepage_2/assets/js/custom-scroll-count.js]
[shivaaythemes.in/foodecart-demo/Multiple_Pages/Homepage_2/about-us.html]
[shivaaythemes.in/foodecart-demo/Multiple_Pages/Homepage_2/assets/images/offer-banner-img.jpg]
[shivaaythemes.in/foodecart-demo/Multiple_Pages/Homepage_2/assets/images/offer-img1.jpg]
[shivaaythemes.in/foodecart-demo/Multiple_Pages/Homepage_2/assets/images/offer-img2.jpg]
[shivaaythemes.in/foodecart-demo/Multiple_Pages/Homepage_2/offer.html]
[shivaaythemes.in/foodecart-demo/Multiple_Pages/Homepage_2/assets/images/menu-banner-img.jpg]
[shivaaythemes.in/foodecart-demo/Multiple_Pages/Homepage_2/assets/images/menu-item1.jpg]
[shivaaythemes.in/foodecart-demo/Multiple_Pages/Homepage_2/assets/images/menu-item2.jpg]
[shivaaythemes.in/foodecart-demo/Multiple_Pages/Homepage_2/assets/images/menu-item3.jpg]
[shivaaythemes.in/foodecart-demo/Multiple_Pages/Homepage_2/assets/images/menu-item4.jpg]
[shivaaythemes.in/foodecart-demo/Multiple_Pages/Homepage_2/assets/images/menu-item5.jpg]
[shivaaythemes.in/foodecart-demo/Multiple_Pages/Homepage_2/assets/images/menu-item6.jpg]
[shivaaythemes.in/foodecart-demo/Multiple_Pages/Homepage_2/assets/images/menu-item7.jpg]
[shivaaythemes.in/foodecart-demo/Multiple_Pages/Homepage_2/assets/images/menu-item8.jpg]
[shivaaythemes.in/foodecart-demo/Multiple_Pages/Homepage_2/menu.html]
[shivaaythemes.in/foodecart-demo/Multiple_Pages/Homepage_2/assets/images/gallery-banner-img.jpg]
[shivaaythemes.in/foodecart-demo/Multiple_Pages/Homepage_2/assets/images/main-gallery-img1.jpg]
[shivaaythemes.in/foodecart-demo/Multiple_Pages/Homepage_2/assets/images/main-gallery-img2.jpg]
[shivaaythemes.in/foodecart-demo/Multiple_Pages/Homepage_2/assets/images/main-gallery-img3.jpg]
[shivaaythemes.in/foodecart-demo/Multiple_Pages/Homepage_2/assets/images/main-gallery-img4.jpg]
[shivaaythemes.in/foodecart-demo/Multiple_Pages/Homepage_2/assets/images/main-gallery-img5.jpg]
[shivaaythemes.in/foodecart-demo/Multiple_Pages/Homepage_2/gallery.html]
[shivaaythemes.in/foodecart-demo/Multiple_Pages/Homepage_2/assets/images/team-banner-img.jpg]
[shivaaythemes.in/foodecart-demo/Multiple_Pages/Homepage_2/assets/images/chef-img1.jpg]
[shivaaythemes.in/foodecart-demo/Multiple_Pages/Homepage_2/assets/images/chef-img2.jpg]
[shivaaythemes.in/foodecart-demo/Multiple_Pages/Homepage_2/assets/images/chef-img3.jpg]
[shivaaythemes.in/foodecart-demo/Multiple_Pages/Homepage_2/assets/images/chef-img4.jpg]
[shivaaythemes.in/foodecart-demo/Multiple_Pages/Homepage_2/assets/images/chef-img5.jpg]
[shivaaythemes.in/foodecart-demo/Multiple_Pages/Homepage_2/assets/images/chef-img6.jpg]
[shivaaythemes.in/foodecart-demo/Multiple_Pages/Homepage_2/team.html]
[shivaaythemes.in/foodecart-demo/Multiple_Pages/Homepage_2/assets/images/blog-post-img1.jpg]
[shivaaythemes.in/foodecart-demo/Multiple_Pages/Homepage_2/assets/images/icon-tag.png]
[shivaaythemes.in/foodecart-demo/Multiple_Pages/Homepage_2/assets/images/icon-eye.png]
[shivaaythemes.in/foodecart-demo/Multiple_Pages/Homepage_2/assets/images/icon-message.png]
[shivaaythemes.in/foodecart-demo/Multiple_Pages/Homepage_2/assets/images/blog-about-img.jpg]
[shivaaythemes.in/foodecart-demo/Multiple_Pages/Homepage_2/assets/images/recent-post-img1.jpg]
[shivaaythemes.in/foodecart-demo/Multiple_Pages/Homepage_2/assets/images/recent-post-img2.jpg]
[shivaaythemes.in/foodecart-demo/Multiple_Pages/Homepage_2/assets/images/recent-post-img3.jpg]
[shivaaythemes.in/foodecart-demo/Multiple_Pages/Homepage_2/blog.html]
[shivaaythemes.in/foodecart-demo/Multiple_Pages/Homepage_2/contact.html]
[shivaaythemes.in/foodecart-demo/Multiple_Pages/Homepage_2/assets/images/blog-detail-banner-img.jpg]
[shivaaythemes.in/foodecart-demo/Multiple_Pages/Homepage_2/assets/images/blog-post-img2.jpg]
[shivaaythemes.in/foodecart-demo/Multiple_Pages/Homepage_2/assets/images/double-quote-2.png]
[shivaaythemes.in/foodecart-demo/Multiple_Pages/Homepage_2/assets/images/related-post-img1.jpg]
[shivaaythemes.in/foodecart-demo/Multiple_Pages/Homepage_2/assets/images/related-post-img2.jpg]
[shivaaythemes.in/foodecart-demo/Multiple_Pages/Homepage_2/assets/images/related-post-img3.jpg]
[shivaaythemes.in/foodecart-demo/Multiple_Pages/Homepage_2/assets/images/detail-comment-img1.jpg]
[shivaaythemes.in/foodecart-demo/Multiple_Pages/Homepage_2/assets/images/detail-comment-img2.jpg]
[shivaaythemes.in/foodecart-demo/Multiple_Pages/Homepage_2/assets/images/detail-comment-img3.jpg]
[shivaaythemes.in/foodecart-demo/Multiple_Pages/Homepage_2/blog-detail.html]
[shivaaythemes.in/foodecart-demo/Multiple_Pages/Homepage_2/assets/js/jquery.min.js]
[shivaaythemes.in/foodecart-demo/Multiple_Pages/Homepage_2/popper.js]
[shivaaythemes.in/foodecart-demo/Multiple_Pages/Homepage_2/assets/js/bootstrap.min.js]
[shivaaythemes.in/foodecart-demo/Multiple_Pages/Homepage_2/assets/js/TweenMax.min.js]
[shivaaythemes.in/foodecart-demo/Multiple_Pages/Homepage_2/assets/js/moment.min.js]
[shivaaythemes.in/foodecart-demo/Multiple_Pages/Homepage_2/assets/js/bootstrap-datetimepicker.min.js]
[shivaaythemes.in/foodecart-demo/Multiple_Pages/Homepage_2/assets/js/slick.min.js]
[shivaaythemes.in/foodecart-demo/Multiple_Pages/Homepage_2/assets/js/swiper.js]
[shivaaythemes.in/foodecart-demo/Multiple_Pages/Homepage_2/assets/js/wow.min.js]
[shivaaythemes.in/foodecart-demo/Multiple_Pages/Homepage_2/assets/js/custom.js]
[shivaaythemes.in/foodecart-demo/Multiple_Pages/Homepage_2/Version/index.html]
[shivaaythemes.in/foodecart-demo/Multiple_Pages/Homepage_2/assets/fonts/fontawesome-webfonte0a5.svg]
[shivaaythemes.in/foodecart-demo/Multiple_Pages/Homepage_2/assets/css/fonts/slick.html]
[shivaaythemes.in/foodecart-demo/Multiple_Pages/Homepage_2/assets/css/fonts/slickd41d.html]
[shivaaythemes.in/foodecart-demo/Multiple_Pages/Homepage_2/assets/css/fonts/slick-2.html]
[shivaaythemes.in/foodecart-demo/Multiple_Pages/Homepage_2/assets/css/fonts/slick-3.html]
[shivaaythemes.in/foodecart-demo/Multiple_Pages/Homepage_2/assets/css/fonts/slick-4.html]
[shivaaythemes.in/foodecart-demo/Multiple_Pages/Homepage_2/assets/js/custom-scroll-count.js]
[shivaaythemes.in/foodecart-demo/Multiple_Pages/Homepage_2/popper.html]
[shivaaythemes.in/foodecart-demo/Multiple_Pages/Homepage_2/Version/index.html]
[shivaaythemes.in/foodecart-demo/Multiple_Pages/Homepage_2/version/index-2.html]
[shivaaythemes.in/foodecart-demo/Multiple_Pages/Homepage_2/version/index-2.html]
